{
  "version": "1.5.0",
  "plugins_used": [
    {
      "name": "ArtifactoryDetector"
    },
    {
      "name": "AWSKeyDetector"
    },
    {
      "name": "AzureStorageKeyDetector"
    },
    {
      "name": "Base64HighEntropyString",
      "limit": 4.5
    },
    {
      "name": "BasicAuthDetector"
    },
    {
      "name": "CloudantDetector"
    },
    {
      "name": "DiscordBotTokenDetector"
    },
    {
      "name": "GitHubTokenDetector"
    },
    {
      "name": "GitLabTokenDetector"
    },
    {
      "name": "HexHighEntropyString",
      "limit": 3.0
    },
    {
      "name": "IbmCloudIamDetector"
    },
    {
      "name": "IbmCosHmacDetector"
    },
    {
      "name": "IPPublicDetector"
    },
    {
      "name": "JwtTokenDetector"
    },
    {
      "name": "KeywordDetector",
      "keyword_exclude": ""
    },
    {
      "name": "MailchimpDetector"
    },
    {
      "name": "NpmDetector"
    },
    {
      "name": "OpenAIDetector"
    },
    {
      "name": "PrivateKeyDetector"
    },
    {
      "name": "PypiTokenDetector"
    },
    {
      "name": "SendGridDetector"
    },
    {
      "name": "SlackDetector"
    },
    {
      "name": "SoftlayerDetector"
    },
    {
      "name": "SquareOAuthDetector"
    },
    {
      "name": "StripeDetector"
    },
    {
      "name": "TelegramBotTokenDetector"
    },
    {
      "name": "TwilioKeyDetector"
    }
  ],
  "filters_used": [
    {
      "path": "detect_secrets.filters.allowlist.is_line_allowlisted"
    },
    {
      "path": "detect_secrets.filters.common.is_baseline_file",
      "filename": ".secrets.baseline"
    },
    {
      "path": "detect_secrets.filters.common.is_ignored_due_to_verification_policies",
      "min_level": 2
    },
    {
      "path": "detect_secrets.filters.heuristic.is_indirect_reference"
    },
    {
      "path": "detect_secrets.filters.heuristic.is_likely_id_string"
    },
    {
      "path": "detect_secrets.filters.heuristic.is_lock_file"
    },
    {
      "path": "detect_secrets.filters.heuristic.is_not_alphanumeric_string"
    },
    {
      "path": "detect_secrets.filters.heuristic.is_potential_uuid"
    },
    {
      "path": "detect_secrets.filters.heuristic.is_prefixed_with_dollar_sign"
    },
    {
      "path": "detect_secrets.filters.heuristic.is_sequential_string"
    },
    {
      "path": "detect_secrets.filters.heuristic.is_swagger_file"
    },
    {
      "path": "detect_secrets.filters.heuristic.is_templated_secret"
    }
  ],
  "results": {
    "README.md": [
      {
        "type": "Secret Keyword",
        "filename": "README.md",
        "hashed_secret": "a8253456364f1bfc7da7ae4a1db5b45d106317a5",
        "is_verified": false,
        "line_number": 68
      }
    ],
    "docs/LLM_DATASET_ENGINE.md": [
      {
        "type": "Secret Keyword",
        "filename": "docs/LLM_DATASET_ENGINE.md",
        "hashed_secret": "ec3810e10fb78db55ce38b9c18d1c3eb1db739e0",
        "is_verified": false,
        "line_number": 2935
      },
      {
        "type": "Secret Keyword",
        "filename": "docs/LLM_DATASET_ENGINE.md",
        "hashed_secret": "c7a8c334eef5d1749fface7d42c66f9ae5e8cf36",
        "is_verified": false,
        "line_number": 2938
      }
    ],
    "docs/archive/CLI_BACON_GUIDE.md": [
      {
        "type": "Secret Keyword",
        "filename": "docs/archive/CLI_BACON_GUIDE.md",
        "hashed_secret": "49697e763a0dda5673303db0e2a91c309ed73c2d",
        "is_verified": false,
        "line_number": 21
      },
      {
        "type": "Secret Keyword",
        "filename": "docs/archive/CLI_BACON_GUIDE.md",
        "hashed_secret": "a8253456364f1bfc7da7ae4a1db5b45d106317a5",
        "is_verified": false,
        "line_number": 300
      },
      {
        "type": "Secret Keyword",
        "filename": "docs/archive/CLI_BACON_GUIDE.md",
        "hashed_secret": "6d9c68c603e465077bdd49c62347fe54717f83a3",
        "is_verified": false,
        "line_number": 320
      }
    ],
    "docs/archive/CLI_GUIDE.md": [
      {
        "type": "Secret Keyword",
        "filename": "docs/archive/CLI_GUIDE.md",
        "hashed_secret": "a8253456364f1bfc7da7ae4a1db5b45d106317a5",
        "is_verified": false,
        "line_number": 521
      }
    ],
    "docs/archive/COMPLETE_GUIDE.md": [
      {
        "type": "Base64 High Entropy String",
        "filename": "docs/archive/COMPLETE_GUIDE.md",
        "hashed_secret": "f7169e5f55c941b47e007f1a45c39d67ddc2913b",
        "is_verified": false,
        "line_number": 22
      },
      {
        "type": "Secret Keyword",
        "filename": "docs/archive/COMPLETE_GUIDE.md",
        "hashed_secret": "f7169e5f55c941b47e007f1a45c39d67ddc2913b",
        "is_verified": false,
        "line_number": 22
      },
      {
        "type": "Secret Keyword",
        "filename": "docs/archive/COMPLETE_GUIDE.md",
        "hashed_secret": "aecdccc1cf64595b34e0cc152d238daabb32183a",
        "is_verified": false,
        "line_number": 72
      }
    ],
    "docs/archive/FIXES_APPLIED.md": [
      {
        "type": "Secret Keyword",
        "filename": "docs/archive/FIXES_APPLIED.md",
        "hashed_secret": "a8253456364f1bfc7da7ae4a1db5b45d106317a5",
        "is_verified": false,
        "line_number": 101
      }
    ],
    "docs/archive/HOW_TO_PROCESS_ALL_365.md": [
      {
        "type": "Base64 High Entropy String",
        "filename": "docs/archive/HOW_TO_PROCESS_ALL_365.md",
        "hashed_secret": "f7169e5f55c941b47e007f1a45c39d67ddc2913b",
        "is_verified": false,
        "line_number": 13
      },
      {
        "type": "Secret Keyword",
        "filename": "docs/archive/HOW_TO_PROCESS_ALL_365.md",
        "hashed_secret": "f7169e5f55c941b47e007f1a45c39d67ddc2913b",
        "is_verified": false,
        "line_number": 13
      }
    ],
    "docs/archive/ONBOARDING.md": [
      {
        "type": "Secret Keyword",
        "filename": "docs/archive/ONBOARDING.md",
        "hashed_secret": "a8253456364f1bfc7da7ae4a1db5b45d106317a5",
        "is_verified": false,
        "line_number": 75
      },
      {
        "type": "Secret Keyword",
        "filename": "docs/archive/ONBOARDING.md",
        "hashed_secret": "6d9c68c603e465077bdd49c62347fe54717f83a3",
        "is_verified": false,
        "line_number": 581
      }
    ],
    "docs/archive/PROJECT_SUMMARY.md": [
      {
        "type": "Secret Keyword",
        "filename": "docs/archive/PROJECT_SUMMARY.md",
        "hashed_secret": "6d9c68c603e465077bdd49c62347fe54717f83a3",
        "is_verified": false,
        "line_number": 182
      }
    ],
    "docs/archive/STATUS.md": [
      {
        "type": "Secret Keyword",
        "filename": "docs/archive/STATUS.md",
        "hashed_secret": "a8253456364f1bfc7da7ae4a1db5b45d106317a5",
        "is_verified": false,
        "line_number": 222
      }
    ],
    "docs/archive/checkpoints.md": [
      {
        "type": "Secret Keyword",
        "filename": "docs/archive/checkpoints.md",
        "hashed_secret": "6d9c68c603e465077bdd49c62347fe54717f83a3",
        "is_verified": false,
        "line_number": 77
      },
      {
        "type": "Secret Keyword",
        "filename": "docs/archive/checkpoints.md",
        "hashed_secret": "a8253456364f1bfc7da7ae4a1db5b45d106317a5",
        "is_verified": false,
        "line_number": 940
      }
    ],
    "docs/examples/BACON_CLEANING_GUIDE.md": [
      {
        "type": "Base64 High Entropy String",
        "filename": "docs/examples/BACON_CLEANING_GUIDE.md",
        "hashed_secret": "f7169e5f55c941b47e007f1a45c39d67ddc2913b",
        "is_verified": false,
        "line_number": 26
      },
      {
        "type": "Secret Keyword",
        "filename": "docs/examples/BACON_CLEANING_GUIDE.md",
        "hashed_secret": "f7169e5f55c941b47e007f1a45c39d67ddc2913b",
        "is_verified": false,
        "line_number": 26
      },
      {
        "type": "Secret Keyword",
        "filename": "docs/examples/BACON_CLEANING_GUIDE.md",
        "hashed_secret": "a8253456364f1bfc7da7ae4a1db5b45d106317a5",
        "is_verified": false,
        "line_number": 300
      }
    ],
    "docs/features/SYSTEM_PROMPTS_GUIDE.md": [
      {
        "type": "Secret Keyword",
        "filename": "docs/features/SYSTEM_PROMPTS_GUIDE.md",
        "hashed_secret": "6d9c68c603e465077bdd49c62347fe54717f83a3",
        "is_verified": false,
        "line_number": 293
      }
    ],
    "examples/05_groq_example.py": [
      {
        "type": "Base64 High Entropy String",
        "filename": "examples/05_groq_example.py",
        "hashed_secret": "f7169e5f55c941b47e007f1a45c39d67ddc2913b",
        "is_verified": false,
        "line_number": 37
      },
      {
        "type": "Secret Keyword",
        "filename": "examples/05_groq_example.py",
        "hashed_secret": "f7169e5f55c941b47e007f1a45c39d67ddc2913b",
        "is_verified": false,
        "line_number": 37
      }
    ],
    "examples/06_from_config_file.py": [
      {
        "type": "Secret Keyword",
        "filename": "examples/06_from_config_file.py",
        "hashed_secret": "a8253456364f1bfc7da7ae4a1db5b45d106317a5",
        "is_verified": false,
        "line_number": 38
      }
    ],
    "examples/08_streaming_large_files.py": [
      {
        "type": "Secret Keyword",
        "filename": "examples/08_streaming_large_files.py",
        "hashed_secret": "6d9c68c603e465077bdd49c62347fe54717f83a3",
        "is_verified": false,
        "line_number": 109
      }
    ],
    "examples/09_system_prompts.py": [
      {
        "type": "Secret Keyword",
        "filename": "examples/09_system_prompts.py",
        "hashed_secret": "a8253456364f1bfc7da7ae4a1db5b45d106317a5",
        "is_verified": false,
        "line_number": 266
      }
    ],
    "examples/README.md": [
      {
        "type": "Secret Keyword",
        "filename": "examples/README.md",
        "hashed_secret": "a8253456364f1bfc7da7ae4a1db5b45d106317a5",
        "is_verified": false,
        "line_number": 14
      }
    ],
    "tests/unit/test_pipeline.py": [
      {
        "type": "Secret Keyword",
        "filename": "tests/unit/test_pipeline.py",
        "hashed_secret": "e91663304e62d5a4a65bc25e6f1b48a3c2769152",
        "is_verified": false,
        "line_number": 100
      }
    ]
  },
  "generated_at": "2025-10-19T20:49:36Z"
}
